// Jest Snapshot v1, https://goo.gl/fbAQLP

exports[`should create 5 employees as a lawyer when its created 1`] = `
Object {
  "data": Array [
    Object {
      "__v": 0,
      "_id": "59ee7fdb50f4eb1a3c17e71b",
      "jobTitles": Array [
        "laywer 0",
      ],
      "name": "Billie Joe JimBob",
    },
    Object {
      "__v": 0,
      "_id": "59ee7fdb50f4eb1a3c17e71c",
      "jobTitles": Array [
        "laywer 1",
      ],
      "name": "Billie Joe JimBob",
    },
    Object {
      "__v": 0,
      "_id": "59ee7fdb50f4eb1a3c17e71d",
      "jobTitles": Array [
        "laywer 2",
      ],
      "name": "Billie Joe JimBob",
    },
    Object {
      "__v": 0,
      "_id": "59ee7fdb50f4eb1a3c17e71e",
      "jobTitles": Array [
        "laywer 3",
      ],
      "name": "Billie Joe JimBob",
    },
    Object {
      "__v": 0,
      "_id": "59ee7fdb50f4eb1a3c17e71f",
      "jobTitles": Array [
        "laywer 4",
      ],
      "name": "Billie Joe JimBob",
    },
  ],
}
`;
